# Some information printed through stderr might appear in your console.
# The following is what shall be output through stdout.
[Test1] Running...
Test1 Passed.
[Test2<0>] Running...
Test2<0> Passed.
[Test2<1>] Running...
Test2<1> Passed.
[Test2<2>] Running...
Test2<2> Passed.
[Test3<1>] Running...
Test3<1> Passed.
[Test3<2>] Running...
Test3<2> Passed.
[Test3<3>] Running...
Test3<3> Passed.
[Test4<1>] Running...
Test4<1> Passed.
[Test4<2>] Running...
Test4<2> Passed.
[Test4<3>] Running...
Test4<3> Passed.
[Test5] Running...
Test5: Passed.
